Undefined symbols for architecture arm64:
  "_jpeg12_write_scanlines", referenced from:
      _main in cjpeg.o
  "_jpeg16_write_scanlines", referenced from:
      _main in cjpeg.o
  "_jpeg_CreateCompress", referenced from:
      _main in cjpeg.o
  "_jpeg_add_quant_table", referenced from:
      _read_quant_tables in rdswitch.o
  "_jpeg_default_colorspace", referenced from:
      _main in cjpeg.o
  "_jpeg_default_qtables", referenced from:
      _set_quality_ratings in rdswitch.o
  "_jpeg_destroy_compress", referenced from:
      _main in cjpeg.o
  "_jpeg_enable_lossless", referenced from:
      _parse_switches in cjpeg.o
  "_jpeg_finish_compress", referenced from:
      _main in cjpeg.o
  "_jpeg_mem_dest", referenced from:
      _main in cjpeg.o
  "_jpeg_quality_scaling", referenced from:
      _set_quality_ratings in rdswitch.o
  "_jpeg_set_colorspace", referenced from:
      _parse_switches in cjpeg.o
  "_jpeg_set_defaults", referenced from:
      _main in cjpeg.o
  "_jpeg_simple_progression", referenced from:
      _parse_switches in cjpeg.o
  "_jpeg_start_compress", referenced from:
      _main in cjpeg.o
  "_jpeg_std_error", referenced from:
      _main in cjpeg.o
  "_jpeg_stdio_dest", referenced from:
      _main in cjpeg.o
  "_jpeg_write_icc_profile", referenced from:
      _main in cjpeg.o
  "_jpeg_write_scanlines", referenced from:
      _main in cjpeg.o
ld: symbol(s) not found for architecture arm64
clang: error: linker command failed with exit code 1 (use -v to see invocation)
