Undefined symbols for architecture arm64:
  "_jpeg12_crop_scanline", referenced from:
      _main in djpeg.o
  "_jpeg12_read_scanlines", referenced from:
      _main in djpeg.o
  "_jpeg12_skip_scanlines", referenced from:
      _main in djpeg.o
  "_jpeg16_read_scanlines", referenced from:
      _main in djpeg.o
  "_jpeg_CreateDecompress", referenced from:
      _main in djpeg.o
  "_jpeg_add_quant_table", referenced from:
      _read_quant_tables in rdswitch.o
  "_jpeg_crop_scanline", referenced from:
      _main in djpeg.o
  "_jpeg_default_qtables", referenced from:
      _set_quality_ratings in rdswitch.o
  "_jpeg_destroy_decompress", referenced from:
      _main in djpeg.o
  "_jpeg_finish_decompress", referenced from:
      _main in djpeg.o
  "_jpeg_mem_src", referenced from:
      _main in djpeg.o
  "_jpeg_quality_scaling", referenced from:
      _set_quality_ratings in rdswitch.o
  "_jpeg_read_header", referenced from:
      _main in djpeg.o
  "_jpeg_read_icc_profile", referenced from:
      _main in djpeg.o
  "_jpeg_read_scanlines", referenced from:
      _main in djpeg.o
  "_jpeg_save_markers", referenced from:
      _parse_switches in djpeg.o
  "_jpeg_set_marker_processor", referenced from:
      _main in djpeg.o
  "_jpeg_skip_scanlines", referenced from:
      _main in djpeg.o
  "_jpeg_start_decompress", referenced from:
      _main in djpeg.o
  "_jpeg_std_error", referenced from:
      _main in djpeg.o
  "_jpeg_stdio_src", referenced from:
      _main in djpeg.o
  "_read_color_map_12", referenced from:
      _parse_switches in djpeg.o
ld: symbol(s) not found for architecture arm64
clang: error: linker command failed with exit code 1 (use -v to see invocation)
